\BOOKMARK [0][-]{section*.1}{\376\377\000A\000b\000s\000t\000r\000a\000c\000t}{}% 1
\BOOKMARK [0][-]{section*.2}{\376\377\000A\000b\000s\000t\000r\000a\000c\000t}{}% 2
\BOOKMARK [0][-]{section*.3}{\376\377\000A\000c\000k\000n\000o\000w\000l\000e\000d\000g\000e\000m\000e\000n\000t\000s}{}% 3
\BOOKMARK [0][-]{chapter*.4}{\376\377\000C\000o\000n\000t\000e\000n\000t\000s}{}% 4
\BOOKMARK [0][-]{chapter*.5}{\376\377\000L\000i\000s\000t\000\040\000o\000f\000\040\000F\000i\000g\000u\000r\000e\000s}{}% 5
\BOOKMARK [0][-]{chapter*.6}{\376\377\000L\000i\000s\000t\000\040\000o\000f\000\040\000T\000a\000b\000l\000e\000s}{}% 6
\BOOKMARK [0][-]{chapter*.7}{\376\377\000L\000i\000s\000t\000\040\000o\000f\000\040\000A\000l\000g\000o\000r\000i\000t\000h\000m\000s}{}% 7
\BOOKMARK [0][-]{chapter*.8}{\376\377\000L\000i\000s\000t\000\040\000o\000f\000\040\000A\000b\000b\000r\000e\000v\000i\000a\000t\000i\000o\000n\000s}{}% 8
\BOOKMARK [0][-]{chapter.11}{\376\377\000I\000n\000t\000r\000o\000d\000u\000c\000t\000i\000o\000n}{}% 9
\BOOKMARK [1][-]{section.12}{\376\377\000P\000u\000r\000p\000o\000s\000e\000\040\000a\000n\000d\000\040\000M\000o\000t\000i\000v\000a\000t\000i\000o\000n}{chapter.11}% 10
\BOOKMARK [1][-]{section.13}{\376\377\000P\000r\000o\000b\000l\000e\000m\000\040\000S\000t\000a\000t\000e\000m\000e\000n\000t}{chapter.11}% 11
\BOOKMARK [1][-]{section.14}{\376\377\000S\000c\000o\000p\000e\000\040\000o\000f\000\040\000t\000h\000e\000\040\000P\000r\000o\000j\000e\000c\000t}{chapter.11}% 12
\BOOKMARK [1][-]{section.15}{\376\377\000T\000h\000e\000s\000i\000s\000\040\000C\000o\000n\000t\000r\000i\000b\000u\000t\000i\000o\000n\000s}{chapter.11}% 13
\BOOKMARK [1][-]{section.16}{\376\377\000T\000h\000e\000s\000i\000s\000\040\000O\000u\000t\000l\000i\000n\000e}{chapter.11}% 14
\BOOKMARK [0][-]{chapter.17}{\376\377\000B\000a\000c\000k\000g\000r\000o\000u\000n\000d\000\040\000a\000n\000d\000\040\000T\000h\000e\000o\000r\000e\000t\000i\000c\000a\000l\000\040\000F\000o\000u\000n\000d\000a\000t\000i\000o\000n\000s}{}% 15
\BOOKMARK [1][-]{section.18}{\376\377\000K\000u\000b\000e\000r\000n\000e\000t\000e\000s}{chapter.17}% 16
\BOOKMARK [1][-]{section.20}{\376\377\000M\000i\000c\000r\000o\000s\000e\000r\000v\000i\000c\000e\000s}{chapter.17}% 17
\BOOKMARK [1][-]{section.22}{\376\377\000B\000a\000t\000c\000h\000\040\000J\000o\000b\000\040\000E\000x\000e\000c\000u\000t\000i\000o\000n}{chapter.17}% 18
\BOOKMARK [1][-]{section.23}{\376\377\000M\000i\000n\000I\000O}{chapter.17}% 19
\BOOKMARK [1][-]{section.25}{\376\377\000D\000u\000c\000k\000D\000B}{chapter.17}% 20
\BOOKMARK [1][-]{section.28}{\376\377\000S\000Q\000L\000i\000t\000e}{chapter.17}% 21
\BOOKMARK [1][-]{section.30}{\376\377\000W\000e\000b\000S\000o\000c\000k\000e\000t\000s}{chapter.17}% 22
\BOOKMARK [1][-]{section.32}{\376\377\000C\000o\000n\000t\000a\000i\000n\000e\000r\000s}{chapter.17}% 23
\BOOKMARK [1][-]{section.34}{\376\377\000M\000u\000l\000t\000i\000-\000U\000s\000e\000r\000\040\000S\000y\000s\000t\000e\000m\000\040\000D\000e\000s\000i\000g\000n}{chapter.17}% 24
\BOOKMARK [1][-]{section.35}{\376\377\000A\000u\000t\000h\000e\000n\000t\000i\000c\000a\000t\000i\000o\000n\000\040\000M\000o\000d\000e\000l}{chapter.17}% 25
\BOOKMARK [1][-]{section.36}{\376\377\000C\000l\000o\000u\000d\000-\000N\000a\000t\000i\000v\000e\000\040\000S\000t\000o\000r\000a\000g\000e}{chapter.17}% 26
\BOOKMARK [0][-]{chapter.38}{\376\377\000R\000e\000l\000a\000t\000e\000d\000\040\000W\000o\000r\000k}{}% 27
\BOOKMARK [1][-]{section.39}{\376\377\000E\000x\000i\000s\000t\000i\000n\000g\000\040\000B\000a\000t\000c\000h\000-\000P\000r\000o\000c\000e\000s\000s\000i\000n\000g\000\040\000P\000l\000a\000t\000f\000o\000r\000m\000s}{chapter.38}% 28
\BOOKMARK [2][-]{subsection.41}{\376\377\000A\000p\000a\000c\000h\000e\000\040\000A\000i\000r\000f\000l\000o\000w}{section.39}% 29
\BOOKMARK [2][-]{subsection.42}{\376\377\000A\000p\000a\000c\000h\000e\000\040\000H\000a\000d\000o\000o\000p}{section.39}% 30
\BOOKMARK [2][-]{subsection.43}{\376\377\000A\000p\000a\000c\000h\000e\000\040\000S\000p\000a\000r\000k}{section.39}% 31
\BOOKMARK [1][-]{section.44}{\376\377\000D\000a\000t\000a\000\040\000L\000a\000k\000e\000\040\000P\000l\000a\000t\000f\000o\000r\000m\000s}{chapter.38}% 32
\BOOKMARK [1][-]{section.46}{\376\377\000P\000l\000a\000t\000f\000o\000r\000m\000-\000a\000s\000-\000a\000-\000S\000e\000r\000v\000i\000c\000e\000\040\000S\000o\000l\000u\000t\000i\000o\000n\000s}{chapter.38}% 33
\BOOKMARK [1][-]{section.48}{\376\377\000C\000l\000o\000u\000d\000-\000N\000a\000t\000i\000v\000e\000\040\000A\000u\000t\000h\000\040\000F\000r\000a\000m\000e\000w\000o\000r\000k\000s}{chapter.38}% 34
\BOOKMARK [0][-]{chapter.50}{\376\377\000S\000y\000s\000t\000e\000m\000\040\000D\000e\000s\000i\000g\000n\000\040\000a\000n\000d\000\040\000A\000r\000c\000h\000i\000t\000e\000c\000t\000u\000r\000e}{}% 35
\BOOKMARK [1][-]{section.51}{\376\377\000O\000v\000e\000r\000v\000i\000e\000w\000\040\000d\000i\000a\000g\000r\000a\000m}{chapter.50}% 36
\BOOKMARK [1][-]{section.54}{\376\377\000M\000i\000n\000i\000o\000t\000h\000:\000\040\000A\000u\000t\000h\000e\000n\000t\000i\000c\000a\000t\000i\000o\000n\000\040\000S\000e\000r\000v\000i\000c\000e}{chapter.50}% 37
\BOOKMARK [2][-]{subsection.56}{\376\377\000A\000u\000t\000h\000o\000r\000i\000z\000a\000t\000i\000o\000n\000\040\000D\000e\000t\000a\000i\000l\000s}{section.54}% 38
\BOOKMARK [2][-]{subsection.57}{\376\377\000A\000u\000t\000h\000e\000n\000t\000i\000c\000a\000t\000i\000o\000n\000\040\000D\000e\000t\000a\000i\000l\000s}{section.54}% 39
\BOOKMARK [2][-]{subsection.61}{\376\377\000P\000l\000u\000g\000g\000a\000b\000l\000e\000\040\000A\000u\000t\000h\000e\000n\000t\000i\000c\000a\000t\000i\000o\000n\000\040\000H\000a\000n\000d\000l\000e\000r\000s}{section.54}% 40
\BOOKMARK [2][-]{subsection.65}{\376\377\000M\000i\000n\000i\000o\000t\000h\000\040\000P\000u\000b\000l\000i\000c\000\040\000A\000P\000I\000\040\000E\000n\000d\000p\000o\000i\000n\000t\000s}{section.54}% 41
\BOOKMARK [2][-]{subsection.67}{\376\377\000M\000i\000n\000i\000o\000t\000h\000\040\000A\000d\000m\000i\000n\000\040\000A\000P\000I\000\040\000E\000n\000d\000p\000o\000i\000n\000t\000s}{section.54}% 42
\BOOKMARK [2][-]{subsection.69}{\376\377\000I\000n\000t\000e\000g\000r\000a\000t\000i\000o\000n}{section.54}% 43
\BOOKMARK [1][-]{section.70}{\376\377\000U\000s\000p\000a\000c\000e\000:\000\040\000C\000e\000n\000t\000r\000a\000l\000\040\000O\000r\000c\000h\000e\000s\000t\000r\000a\000t\000i\000o\000n\000\040\000a\000n\000d\000\040\000J\000o\000b\000\040\000M\000a\000n\000a\000g\000e\000m\000e\000n\000t\000\040\000S\000e\000r\000v\000i\000c\000e}{chapter.50}% 44
\BOOKMARK [2][-]{subsection.71}{\376\377\000R\000e\000s\000p\000o\000n\000s\000i\000b\000i\000l\000i\000t\000i\000e\000s\000\040\000a\000n\000d\000\040\000P\000u\000r\000p\000o\000s\000e}{section.70}% 45
\BOOKMARK [2][-]{subsection.74}{\376\377\000M\000i\000d\000d\000l\000e\000w\000a\000r\000e\000\040\000a\000n\000d\000\040\000A\000c\000c\000e\000s\000s\000\040\000C\000o\000n\000t\000r\000o\000l}{section.70}% 46
\BOOKMARK [2][-]{subsection.75}{\376\377\000C\000o\000r\000e\000\040\000S\000t\000r\000u\000c\000t\000u\000r\000e}{section.70}% 47
\BOOKMARK [2][-]{subsection.76}{\376\377\000S\000t\000o\000r\000a\000g\000e\000\040\000P\000r\000o\000v\000i\000d\000e\000r\000\040\000A\000b\000s\000t\000r\000a\000c\000t\000i\000o\000n}{section.70}% 48
\BOOKMARK [2][-]{subsection.78}{\376\377\000S\000t\000o\000r\000a\000g\000e\000\040\000C\000o\000n\000t\000r\000o\000l}{section.70}% 49
\BOOKMARK [2][-]{subsection.80}{\376\377\000J\000o\000b\000\040\000D\000i\000s\000p\000a\000t\000c\000h\000e\000r\000\040\000a\000n\000d\000\040\000E\000x\000e\000c\000u\000t\000o\000r}{section.70}% 50
\BOOKMARK [2][-]{subsection.83}{\376\377\000J\000o\000b\000\040\000E\000x\000e\000c\000u\000t\000i\000o\000n\000\040\000P\000i\000p\000e\000l\000i\000n\000e}{section.70}% 51
\BOOKMARK [2][-]{subsection.90}{\376\377\000J\000o\000b\000\040\000S\000c\000h\000e\000d\000u\000l\000i\000n\000g}{section.70}% 52
\BOOKMARK [2][-]{subsection.92}{\376\377\000A\000v\000a\000i\000l\000a\000b\000l\000e\000\040\000A\000p\000p\000l\000i\000c\000a\000t\000i\000o\000n\000s}{section.70}% 53
\BOOKMARK [2][-]{subsection.95}{\376\377\000I\000n\000t\000e\000g\000r\000a\000t\000i\000o\000n\000\040\000a\000n\000d\000\040\000S\000e\000c\000u\000r\000i\000t\000y}{section.70}% 54
\BOOKMARK [1][-]{section.96}{\376\377\000F\000s\000l\000i\000t\000e}{chapter.50}% 55
\BOOKMARK [2][-]{subsection.99}{\376\377\000P\000u\000r\000p\000o\000s\000e\000\040\000a\000n\000d\000\040\000D\000e\000s\000i\000g\000n}{section.96}% 56
\BOOKMARK [2][-]{subsection.100}{\376\377\000D\000e\000p\000l\000o\000y\000m\000e\000n\000t\000\040\000a\000n\000d\000\040\000I\000n\000i\000t\000i\000a\000l\000i\000z\000a\000t\000i\000o\000n}{section.96}% 57
\BOOKMARK [2][-]{subsection.101}{\376\377\000A\000P\000I\000\040\000E\000n\000d\000p\000o\000i\000n\000t\000s}{section.96}% 58
\BOOKMARK [2][-]{subsection.103}{\376\377\000I\000n\000t\000e\000g\000r\000a\000t\000i\000o\000n\000\040\000i\000n\000\040\000t\000h\000e\000\040\000S\000y\000s\000t\000e\000m}{section.96}% 59
\BOOKMARK [3][-]{section*.104}{\376\377\000L\000o\000c\000a\000l\000\040\000v\000s\000\040\000R\000e\000m\000o\000t\000e\000\040\000O\000p\000e\000r\000a\000t\000i\000o\000n}{subsection.103}% 60
\BOOKMARK [1][-]{section.106}{\376\377\000S\000t\000o\000r\000a\000g\000e\000\040\000L\000a\000y\000e\000r\000\040\000\050\000M\000i\000n\000I\000O\000\051}{chapter.50}% 61
\BOOKMARK [1][-]{section.108}{\376\377\000F\000r\000o\000n\000t\000e\000n\000d\000\040\000a\000n\000d\000\040\000W\000e\000b\000S\000o\000c\000k\000e\000t\000\040\000S\000e\000r\000v\000e\000r}{chapter.50}% 62
\BOOKMARK [2][-]{subsection.109}{\376\377\000O\000v\000e\000r\000v\000i\000e\000w}{section.108}% 63
\BOOKMARK [2][-]{subsection.110}{\376\377\000W\000e\000b\000S\000o\000c\000k\000e\000t\000\040\000S\000e\000r\000v\000e\000r\000\040\000\050\000W\000S\000S\000\051}{section.108}% 64
\BOOKMARK [2][-]{subsection.113}{\376\377\000F\000r\000o\000n\000t\000e\000n\000d\040\023\000W\000S\000S\000\040\000S\000e\000p\000a\000r\000a\000t\000i\000o\000n\000\040\000o\000f\000\040\000C\000o\000n\000c\000e\000r\000n\000s}{section.108}% 65
\BOOKMARK [2][-]{subsection.114}{\376\377\000F\000r\000o\000n\000t\000e\000n\000d\000\040\000T\000e\000c\000h\000n\000o\000l\000o\000g\000y\000\040\000S\000t\000a\000c\000k}{section.108}% 66
\BOOKMARK [2][-]{subsection.117}{\376\377\000I\000n\000t\000e\000g\000r\000a\000t\000i\000o\000n}{section.108}% 67
\BOOKMARK [1][-]{section.118}{\376\377\000K\000u\000b\000e\000r\000n\000e\000t\000e\000s\000\040\000I\000n\000t\000e\000g\000r\000a\000t\000i\000o\000n}{chapter.50}% 68
\BOOKMARK [0][-]{chapter.119}{\376\377\000S\000y\000s\000t\000e\000m\000\040\000U\000s\000a\000g\000e\000\040\000\046\000\040\000E\000x\000e\000c\000u\000t\000i\000o\000n\000\040\000F\000l\000o\000w}{}% 69
\BOOKMARK [1][-]{section.120}{\376\377\000D\000e\000p\000l\000o\000y\000m\000e\000n\000t\000\040\000a\000n\000d\000\040\000T\000o\000o\000l\000i\000n\000g}{chapter.119}% 70
\BOOKMARK [2][-]{subsection.121}{\376\377\000D\000e\000p\000l\000o\000y\000m\000e\000n\000t\000\040\000P\000r\000o\000c\000e\000d\000u\000r\000e}{section.120}% 71
\BOOKMARK [2][-]{subsection.122}{\376\377\000I\000n\000f\000r\000a\000s\000t\000r\000u\000c\000t\000u\000r\000e\000\040\000O\000v\000e\000r\000v\000i\000e\000w}{section.120}% 72
\BOOKMARK [1][-]{section.123}{\376\377\000S\000y\000s\000t\000e\000m\000\040\000A\000c\000c\000e\000s\000s\000\040\000a\000n\000d\000\040\000C\000o\000m\000m\000u\000n\000i\000c\000a\000t\000i\000o\000n}{chapter.119}% 73
\BOOKMARK [2][-]{subsection.124}{\376\377\000A\000c\000c\000e\000s\000s\000\040\000P\000o\000i\000n\000t\000s\000\040\000a\000n\000d\000\040\000I\000n\000t\000e\000r\000f\000a\000c\000e\000s}{section.123}% 74
\BOOKMARK [2][-]{subsection.125}{\376\377\000R\000e\000q\000u\000e\000s\000t\000-\000R\000e\000s\000p\000o\000n\000s\000e\000\040\000M\000o\000d\000e\000l}{section.123}% 75
\BOOKMARK [2][-]{subsection.126}{\376\377\000E\000r\000r\000o\000r\000\040\000H\000a\000n\000d\000l\000i\000n\000g\000\040\000a\000n\000d\000\040\000F\000e\000e\000d\000b\000a\000c\000k}{section.123}% 76
\BOOKMARK [1][-]{section.127}{\376\377\000E\000n\000d\000-\000t\000o\000-\000E\000n\000d\000\040\000W\000o\000r\000k\000f\000l\000o\000w}{chapter.119}% 77
\BOOKMARK [2][-]{subsection.128}{\376\377\000O\000v\000e\000r\000v\000i\000e\000w\000\040\000a\000n\000d\000\040\000U\000s\000e\000r\000\040\000R\000o\000l\000e\000s}{section.127}% 78
\BOOKMARK [2][-]{subsection.130}{\376\377\000U\000s\000e\000r\000\040\000P\000e\000r\000s\000p\000e\000c\000t\000i\000v\000e}{section.127}% 79
\BOOKMARK [2][-]{subsection.134}{\376\377\000A\000d\000m\000i\000n\000\040\000P\000e\000r\000s\000p\000e\000c\000t\000i\000v\000e}{section.127}% 80
\BOOKMARK [2][-]{subsection.137}{\376\377\000J\000o\000b\000\040\000E\000x\000a\000m\000p\000l\000e\000s}{section.127}% 81
\BOOKMARK [0][-]{chapter.146}{\376\377\000E\000v\000a\000l\000u\000a\000t\000i\000o\000n\000\040\000a\000n\000d\000\040\000R\000o\000b\000u\000s\000t\000n\000e\000s\000s}{}% 82
\BOOKMARK [1][-]{section.147}{\376\377\000S\000c\000a\000l\000a\000b\000i\000l\000i\000t\000y\000\040\000T\000e\000s\000t\000s}{chapter.146}% 83
\BOOKMARK [1][-]{section.148}{\376\377\000S\000e\000c\000u\000r\000i\000t\000y}{chapter.146}% 84
\BOOKMARK [1][-]{section.149}{\376\377\000F\000a\000u\000l\000t\000\040\000T\000o\000l\000e\000r\000a\000n\000c\000e}{chapter.146}% 85
\BOOKMARK [1][-]{section.150}{\376\377\000R\000e\000s\000o\000u\000r\000c\000e\000\040\000U\000s\000a\000g\000e}{chapter.146}% 86
\BOOKMARK [0][-]{chapter.151}{\376\377\000C\000o\000n\000c\000l\000u\000s\000i\000o\000n\000s\000\040\000a\000n\000d\000\040\000F\000u\000t\000u\000r\000e\000\040\000W\000o\000r\000k}{}% 87
\BOOKMARK [1][-]{section.152}{\376\377\000C\000o\000n\000c\000l\000u\000s\000i\000o\000n\000s}{chapter.151}% 88
\BOOKMARK [1][-]{section.153}{\376\377\000F\000u\000t\000u\000r\000e\000\040\000W\000o\000r\000k}{chapter.151}% 89
\BOOKMARK [0][-]{section*.155}{\376\377\000R\000e\000f\000e\000r\000e\000n\000c\000e\000s}{}% 90
